// Jest Snapshot v1, https://goo.gl/fbAQLP

exports[`SortDropDown should render correctly 1`] = `ReactWrapper {}`;

exports[`SortDropDown should render correctly when disabled 1`] = `ReactWrapper {}`;
