// Jest Snapshot v1, https://goo.gl/fbAQLP

exports[`ToolBar should render correctly 1`] = `ShallowWrapper {}`;
